<html><head></head><body>
<div class="wrappingBothMessageAndReply">
  <b><p class="customStyling">This is random text with some custom styling and outlook-generated elements.<o:p></o:p></p></b>
  </div></body></html>